------------------------------------------------------------
TimeQuest Timing Analyzer Summary
------------------------------------------------------------

Type  : Slow 1200mV 85C Model Setup 'pll_50|altpll_component|auto_generated|pll1|clk[0]'
Slack : -10.580
TNS   : -1222.399

Type  : Slow 1200mV 85C Model Setup 'altera_reserved_tck'
Slack : 45.480
TNS   : 0.000

Type  : Slow 1200mV 85C Model Hold 'pll_50|altpll_component|auto_generated|pll1|clk[0]'
Slack : 0.389
TNS   : 0.000

Type  : Slow 1200mV 85C Model Hold 'altera_reserved_tck'
Slack : 0.403
TNS   : 0.000

Type  : Slow 1200mV 85C Model Recovery 'pll_50|altpll_component|auto_generated|pll1|clk[0]'
Slack : 13.856
TNS   : 0.000

Type  : Slow 1200mV 85C Model Recovery 'altera_reserved_tck'
Slack : 48.271
TNS   : 0.000

Type  : Slow 1200mV 85C Model Removal 'pll_50|altpll_component|auto_generated|pll1|clk[0]'
Slack : 1.343
TNS   : 0.000

Type  : Slow 1200mV 85C Model Removal 'altera_reserved_tck'
Slack : 1.363
TNS   : 0.000

Type  : Slow 1200mV 85C Model Minimum Pulse Width 'pll_50|altpll_component|auto_generated|pll1|clk[0]'
Slack : 9.697
TNS   : 0.000

Type  : Slow 1200mV 85C Model Minimum Pulse Width 'CLOCK_50'
Slack : 9.819
TNS   : 0.000

Type  : Slow 1200mV 85C Model Minimum Pulse Width 'altera_reserved_tck'
Slack : 49.490
TNS   : 0.000

Type  : Slow 1200mV 0C Model Setup 'pll_50|altpll_component|auto_generated|pll1|clk[0]'
Slack : -8.012
TNS   : -737.638

Type  : Slow 1200mV 0C Model Setup 'altera_reserved_tck'
Slack : 45.950
TNS   : 0.000

Type  : Slow 1200mV 0C Model Hold 'pll_50|altpll_component|auto_generated|pll1|clk[0]'
Slack : 0.348
TNS   : 0.000

Type  : Slow 1200mV 0C Model Hold 'altera_reserved_tck'
Slack : 0.354
TNS   : 0.000

Type  : Slow 1200mV 0C Model Recovery 'pll_50|altpll_component|auto_generated|pll1|clk[0]'
Slack : 14.317
TNS   : 0.000

Type  : Slow 1200mV 0C Model Recovery 'altera_reserved_tck'
Slack : 48.543
TNS   : 0.000

Type  : Slow 1200mV 0C Model Removal 'pll_50|altpll_component|auto_generated|pll1|clk[0]'
Slack : 1.216
TNS   : 0.000

Type  : Slow 1200mV 0C Model Removal 'altera_reserved_tck'
Slack : 1.250
TNS   : 0.000

Type  : Slow 1200mV 0C Model Minimum Pulse Width 'pll_50|altpll_component|auto_generated|pll1|clk[0]'
Slack : 9.688
TNS   : 0.000

Type  : Slow 1200mV 0C Model Minimum Pulse Width 'CLOCK_50'
Slack : 9.799
TNS   : 0.000

Type  : Slow 1200mV 0C Model Minimum Pulse Width 'altera_reserved_tck'
Slack : 49.401
TNS   : 0.000

Type  : Fast 1200mV 0C Model Setup 'pll_50|altpll_component|auto_generated|pll1|clk[0]'
Slack : 5.230
TNS   : 0.000

Type  : Fast 1200mV 0C Model Setup 'altera_reserved_tck'
Slack : 48.108
TNS   : 0.000

Type  : Fast 1200mV 0C Model Hold 'pll_50|altpll_component|auto_generated|pll1|clk[0]'
Slack : 0.180
TNS   : 0.000

Type  : Fast 1200mV 0C Model Hold 'altera_reserved_tck'
Slack : 0.182
TNS   : 0.000

Type  : Fast 1200mV 0C Model Recovery 'pll_50|altpll_component|auto_generated|pll1|clk[0]'
Slack : 16.758
TNS   : 0.000

Type  : Fast 1200mV 0C Model Recovery 'altera_reserved_tck'
Slack : 49.485
TNS   : 0.000

Type  : Fast 1200mV 0C Model Removal 'pll_50|altpll_component|auto_generated|pll1|clk[0]'
Slack : 0.648
TNS   : 0.000

Type  : Fast 1200mV 0C Model Removal 'altera_reserved_tck'
Slack : 0.649
TNS   : 0.000

Type  : Fast 1200mV 0C Model Minimum Pulse Width 'CLOCK_50'
Slack : 9.400
TNS   : 0.000

Type  : Fast 1200mV 0C Model Minimum Pulse Width 'pll_50|altpll_component|auto_generated|pll1|clk[0]'
Slack : 9.750
TNS   : 0.000

Type  : Fast 1200mV 0C Model Minimum Pulse Width 'altera_reserved_tck'
Slack : 49.285
TNS   : 0.000

------------------------------------------------------------
